2 : 2
4 : 5
6 : 13
8 : 34
10 : 89
12 : 233
14 : 610
16 : 1597
18 : 4181
20 : 10946
