Tiger allows string constants to multiple lines by ending and starting each line with a backslash.
